
> react-kavia@0.1.0 start
> react-scripts start

(node:590) [DEP_WEBPACK_DEV_SERVER_ON_AFTER_SETUP_MIDDLEWARE] DeprecationWarning: 'onAfterSetupMiddleware' option is deprecated. Please use the 'setupMiddlewares' option.
(Use `node --trace-deprecation ...` to show where the warning was created)
(node:590) [DEP_WEBPACK_DEV_SERVER_ON_BEFORE_SETUP_MIDDLEWARE] DeprecationWarning: 'onBeforeSetupMiddleware' option is deprecated. Please use the 'setupMiddlewares' option.
Starting the development server...

Compiled successfully!

You can now view react-kavia in the browser.

  Local:            http://localhost:3000
  On Your Network:  http://172.17.0.2:3000

Note that the development build is not optimized.
To create a production build, use npm run build.

webpack compiled successfully
Compiling...
Failed to compile.

Module not found: Error: Can't resolve './EventScheduler' in '/home/kavia/workspace/code-generation/color-coded-event-scheduler-24717-bef149db/color_coded_event_scheduler/src'
ERROR in ./src/App.js 6:0-46
Module not found: Error: Can't resolve './EventScheduler' in '/home/kavia/workspace/code-generation/color-coded-event-scheduler-24717-bef149db/color_coded_event_scheduler/src'

webpack compiled with 1 error
Compiling...
Failed to compile.

Module not found: Error: Can't resolve '@fullcalendar/react' in '/home/kavia/workspace/code-generation/color-coded-event-scheduler-24717-bef149db/color_coded_event_scheduler/src'
WARNING in [eslint] 
src/EventScheduler.js
  Line 1:27:  'useRef' is defined but never used  no-unused-vars

ERROR in ./src/EventScheduler.js 6:0-47
Module not found: Error: Can't resolve '@fullcalendar/react' in '/home/kavia/workspace/code-generation/color-coded-event-scheduler-24717-bef149db/color_coded_event_scheduler/src'

ERROR in ./src/EventScheduler.js 7:0-50
Module not found: Error: Can't resolve '@fullcalendar/daygrid' in '/home/kavia/workspace/code-generation/color-coded-event-scheduler-24717-bef149db/color_coded_event_scheduler/src'

ERROR in ./src/EventScheduler.js 8:0-58
Module not found: Error: Can't resolve '@fullcalendar/interaction' in '/home/kavia/workspace/code-generation/color-coded-event-scheduler-24717-bef149db/color_coded_event_scheduler/src'

ERROR in ./src/EventScheduler.js 9:0-30
Module not found: Error: Can't resolve './EventScheduler.css' in '/home/kavia/workspace/code-generation/color-coded-event-scheduler-24717-bef149db/color_coded_event_scheduler/src'

webpack compiled with 4 errors and 1 warning
Compiling...
Failed to compile.

Module not found: Error: Can't resolve '@fullcalendar/react' in '/home/kavia/workspace/code-generation/color-coded-event-scheduler-24717-bef149db/color_coded_event_scheduler/src'
WARNING in [eslint] 
src/EventScheduler.js
  Line 1:27:  'useRef' is defined but never used  no-unused-vars

ERROR in ./src/EventScheduler.js 6:0-47
Module not found: Error: Can't resolve '@fullcalendar/react' in '/home/kavia/workspace/code-generation/color-coded-event-scheduler-24717-bef149db/color_coded_event_scheduler/src'

ERROR in ./src/EventScheduler.js 7:0-50
Module not found: Error: Can't resolve '@fullcalendar/daygrid' in '/home/kavia/workspace/code-generation/color-coded-event-scheduler-24717-bef149db/color_coded_event_scheduler/src'

ERROR in ./src/EventScheduler.js 8:0-58
Module not found: Error: Can't resolve '@fullcalendar/interaction' in '/home/kavia/workspace/code-generation/color-coded-event-scheduler-24717-bef149db/color_coded_event_scheduler/src'

webpack compiled with 3 errors and 1 warning
Compiling...
Failed to compile.

Module not found: Error: Can't resolve '@fullcalendar/react' in '/home/kavia/workspace/code-generation/color-coded-event-scheduler-24717-bef149db/color_coded_event_scheduler/src'
WARNING in [eslint] 
src/EventScheduler.js
  Line 1:27:  'useRef' is defined but never used  no-unused-vars

ERROR in ./src/EventScheduler.js 6:0-47
Module not found: Error: Can't resolve '@fullcalendar/react' in '/home/kavia/workspace/code-generation/color-coded-event-scheduler-24717-bef149db/color_coded_event_scheduler/src'

ERROR in ./src/EventScheduler.js 7:0-50
Module not found: Error: Can't resolve '@fullcalendar/daygrid' in '/home/kavia/workspace/code-generation/color-coded-event-scheduler-24717-bef149db/color_coded_event_scheduler/src'

ERROR in ./src/EventScheduler.js 8:0-58
Module not found: Error: Can't resolve '@fullcalendar/interaction' in '/home/kavia/workspace/code-generation/color-coded-event-scheduler-24717-bef149db/color_coded_event_scheduler/src'

webpack compiled with 3 errors and 1 warning
Compiling...
Failed to compile.

Module not found: Error: Can't resolve '@fullcalendar/react' in '/home/kavia/workspace/code-generation/color-coded-event-scheduler-24717-bef149db/color_coded_event_scheduler/src'
LOG from webpack.FileSystemInfo
<w> Managed item /home/kavia/workspace/code-generation/color-coded-event-scheduler-24717-bef149db/color_coded_event_scheduler/node_modules/@fullcalendar/react isn't a directory or doesn't contain a package.json (see snapshot.managedPaths option)
<w> Managed item /home/kavia/workspace/code-generation/color-coded-event-scheduler-24717-bef149db/color_coded_event_scheduler/node_modules/@fullcalendar/daygrid isn't a directory or doesn't contain a package.json (see snapshot.managedPaths option)
<w> Managed item /home/kavia/workspace/code-generation/color-coded-event-scheduler-24717-bef149db/color_coded_event_scheduler/node_modules/@fullcalendar/interaction isn't a directory or doesn't contain a package.json (see snapshot.managedPaths option)
+ 15 hidden lines

WARNING in [eslint] 
src/EventScheduler.js
  Line 1:27:  'useRef' is defined but never used  no-unused-vars

ERROR in ./src/EventScheduler.js 6:0-47
Module not found: Error: Can't resolve '@fullcalendar/react' in '/home/kavia/workspace/code-generation/color-coded-event-scheduler-24717-bef149db/color_coded_event_scheduler/src'

ERROR in ./src/EventScheduler.js 7:0-50
Module not found: Error: Can't resolve '@fullcalendar/daygrid' in '/home/kavia/workspace/code-generation/color-coded-event-scheduler-24717-bef149db/color_coded_event_scheduler/src'

ERROR in ./src/EventScheduler.js 8:0-58
Module not found: Error: Can't resolve '@fullcalendar/interaction' in '/home/kavia/workspace/code-generation/color-coded-event-scheduler-24717-bef149db/color_coded_event_scheduler/src'

webpack compiled with 3 errors and 1 warning
Compiling...
Failed to compile.

Module not found: Error: Can't resolve '@fullcalendar/daygrid' in '/home/kavia/workspace/code-generation/color-coded-event-scheduler-24717-bef149db/color_coded_event_scheduler/src'
LOG from webpack.FileSystemInfo
<w> Managed item /home/kavia/workspace/code-generation/color-coded-event-scheduler-24717-bef149db/color_coded_event_scheduler/node_modules/@fullcalendar/core isn't a directory or doesn't contain a package.json (see snapshot.managedPaths option)
+ 13 hidden lines

WARNING in [eslint] 
src/EventScheduler.js
  Line 1:27:  'useRef' is defined but never used  no-unused-vars

ERROR in ./src/EventScheduler.js 7:0-50
Module not found: Error: Can't resolve '@fullcalendar/daygrid' in '/home/kavia/workspace/code-generation/color-coded-event-scheduler-24717-bef149db/color_coded_event_scheduler/src'

ERROR in ./src/EventScheduler.js 8:0-58
Module not found: Error: Can't resolve '@fullcalendar/interaction' in '/home/kavia/workspace/code-generation/color-coded-event-scheduler-24717-bef149db/color_coded_event_scheduler/src'

ERROR in ./node_modules/@fullcalendar/react/dist/index.js 3:0-46
Module not found: Error: Can't resolve '@fullcalendar/core' in '/home/kavia/workspace/code-generation/color-coded-event-scheduler-24717-bef149db/color_coded_event_scheduler/node_modules/@fullcalendar/react/dist'

ERROR in ./node_modules/@fullcalendar/react/dist/index.js 4:0-67
Module not found: Error: Can't resolve '@fullcalendar/core/internal' in '/home/kavia/workspace/code-generation/color-coded-event-scheduler-24717-bef149db/color_coded_event_scheduler/node_modules/@fullcalendar/react/dist'

webpack compiled with 4 errors and 1 warning
Compiling...
Compiled with warnings.

[eslint] 
src/EventScheduler.js
  Line 1:27:  'useRef' is defined but never used  no-unused-vars

Search for the keywords to learn more about each warning.
To ignore, add // eslint-disable-next-line to the line before.

WARNING in [eslint] 
src/EventScheduler.js
  Line 1:27:  'useRef' is defined but never used  no-unused-vars

webpack compiled with 1 warning
Compiling...
Compiled with warnings.

[eslint] 
src/EventScheduler.js
  Line 1:27:  'useRef' is defined but never used  no-unused-vars

Search for the keywords to learn more about each warning.
To ignore, add // eslint-disable-next-line to the line before.

WARNING in [eslint] 
src/EventScheduler.js
  Line 1:27:  'useRef' is defined but never used  no-unused-vars

webpack compiled with 1 warning
